------------------------------------------------------------
Timing Analyzer Summary
------------------------------------------------------------

Type  : Slow 1100mV 85C Model Setup 'clock_50'
Slack : -8.052
TNS   : -1381.083

Type  : Slow 1100mV 85C Model Hold 'clock_50'
Slack : 0.343
TNS   : 0.000

Type  : Slow 1100mV 85C Model Minimum Pulse Width 'clock_50'
Slack : -2.225
TNS   : -343.282

Type  : Slow 1100mV 0C Model Setup 'clock_50'
Slack : -8.253
TNS   : -1355.959

Type  : Slow 1100mV 0C Model Hold 'clock_50'
Slack : 0.323
TNS   : 0.000

Type  : Slow 1100mV 0C Model Minimum Pulse Width 'clock_50'
Slack : -2.225
TNS   : -328.891

Type  : Fast 1100mV 85C Model Setup 'clock_50'
Slack : -4.069
TNS   : -656.580

Type  : Fast 1100mV 85C Model Hold 'clock_50'
Slack : 0.179
TNS   : 0.000

Type  : Fast 1100mV 85C Model Minimum Pulse Width 'clock_50'
Slack : -1.702
TNS   : -249.683

Type  : Fast 1100mV 0C Model Setup 'clock_50'
Slack : -3.814
TNS   : -571.286

Type  : Fast 1100mV 0C Model Hold 'clock_50'
Slack : 0.168
TNS   : 0.000

Type  : Fast 1100mV 0C Model Minimum Pulse Width 'clock_50'
Slack : -1.702
TNS   : -276.111

------------------------------------------------------------
