------------------------------------------------------------
Timing Analyzer Summary
------------------------------------------------------------

Type  : Slow 1100mV 85C Model Setup 'clock_50'
Slack : -2.549
TNS   : -84.891

Type  : Slow 1100mV 85C Model Hold 'clock_50'
Slack : 0.366
TNS   : 0.000

Type  : Slow 1100mV 85C Model Minimum Pulse Width 'clock_50'
Slack : -0.394
TNS   : -30.384

Type  : Slow 1100mV 0C Model Setup 'clock_50'
Slack : -2.540
TNS   : -80.960

Type  : Slow 1100mV 0C Model Hold 'clock_50'
Slack : 0.357
TNS   : 0.000

Type  : Slow 1100mV 0C Model Minimum Pulse Width 'clock_50'
Slack : -0.394
TNS   : -27.330

Type  : Fast 1100mV 85C Model Setup 'clock_50'
Slack : -1.052
TNS   : -30.392

Type  : Fast 1100mV 85C Model Hold 'clock_50'
Slack : 0.204
TNS   : 0.000

Type  : Fast 1100mV 85C Model Minimum Pulse Width 'clock_50'
Slack : -0.393
TNS   : -20.500

Type  : Fast 1100mV 0C Model Setup 'clock_50'
Slack : -0.875
TNS   : -25.095

Type  : Fast 1100mV 0C Model Hold 'clock_50'
Slack : 0.186
TNS   : 0.000

Type  : Fast 1100mV 0C Model Minimum Pulse Width 'clock_50'
Slack : -0.431
TNS   : -24.712

------------------------------------------------------------
